{
  "classes" : [

  ],
  "enums" : [
    {
      "cases" : [
        {
          "associatedValues" : [
            {
              "type" : {
                "string" : {

                }
              }
            }
          ],
          "name" : "success"
        },
        {
          "associatedValues" : [
            {
              "type" : {
                "int" : {

                }
              }
            }
          ],
          "name" : "failure"
        },
        {
          "associatedValues" : [
            {
              "type" : {
                "bool" : {

                }
              }
            }
          ],
          "name" : "flag"
        },
        {
          "associatedValues" : [
            {
              "type" : {
                "float" : {

                }
              }
            }
          ],
          "name" : "rate"
        },
        {
          "associatedValues" : [
            {
              "type" : {
                "double" : {

                }
              }
            }
          ],
          "name" : "precise"
        },
        {
          "associatedValues" : [

          ],
          "name" : "info"
        }
      ],
      "emitStyle" : "const",
      "name" : "APIResult",
      "swiftCallName" : "APIResult"
    },
    {
      "cases" : [
        {
          "associatedValues" : [
            {
              "type" : {
                "string" : {

                }
              }
            }
          ],
          "name" : "success"
        },
        {
          "associatedValues" : [
            {
              "type" : {
                "string" : {

                }
              }
            },
            {
              "type" : {
                "int" : {

                }
              }
            }
          ],
          "name" : "error"
        },
        {
          "associatedValues" : [
            {
              "type" : {
                "bool" : {

                }
              }
            },
            {
              "type" : {
                "int" : {

                }
              }
            },
            {
              "type" : {
                "string" : {

                }
              }
            }
          ],
          "name" : "status"
        },
        {
          "associatedValues" : [
            {
              "type" : {
                "double" : {

                }
              }
            },
            {
              "type" : {
                "double" : {

                }
              }
            },
            {
              "type" : {
                "double" : {

                }
              }
            }
          ],
          "name" : "coordinates"
        },
        {
          "associatedValues" : [
            {
              "type" : {
                "bool" : {

                }
              }
            },
            {
              "type" : {
                "bool" : {

                }
              }
            },
            {
              "type" : {
                "int" : {

                }
              }
            },
            {
              "type" : {
                "int" : {

                }
              }
            },
            {
              "type" : {
                "double" : {

                }
              }
            },
            {
              "type" : {
                "double" : {

                }
              }
            },
            {
              "type" : {
                "string" : {

                }
              }
            },
            {
              "type" : {
                "string" : {

                }
              }
            },
            {
              "type" : {
                "string" : {

                }
              }
            }
          ],
          "name" : "comprehensive"
        },
        {
          "associatedValues" : [

          ],
          "name" : "info"
        }
      ],
      "emitStyle" : "const",
      "name" : "ComplexResult",
      "swiftCallName" : "ComplexResult"
    },
    {
      "cases" : [
        {
          "associatedValues" : [
            {
              "type" : {
                "string" : {

                }
              }
            }
          ],
          "name" : "success"
        },
        {
          "associatedValues" : [
            {
              "type" : {
                "string" : {

                }
              }
            },
            {
              "type" : {
                "int" : {

                }
              }
            }
          ],
          "name" : "failure"
        },
        {
          "associatedValues" : [
            {
              "type" : {
                "bool" : {

                }
              }
            },
            {
              "type" : {
                "int" : {

                }
              }
            },
            {
              "type" : {
                "string" : {

                }
              }
            }
          ],
          "name" : "status"
        }
      ],
      "emitStyle" : "const",
      "name" : "Result",
      "namespace" : [
        "Utilities"
      ],
      "swiftCallName" : "Utilities.Result"
    },
    {
      "cases" : [
        {
          "associatedValues" : [
            {
              "type" : {
                "string" : {

                }
              }
            }
          ],
          "name" : "success"
        },
        {
          "associatedValues" : [
            {
              "type" : {
                "string" : {

                }
              }
            },
            {
              "type" : {
                "int" : {

                }
              }
            }
          ],
          "name" : "failure"
        }
      ],
      "emitStyle" : "const",
      "name" : "NetworkingResult",
      "namespace" : [
        "API"
      ],
      "swiftCallName" : "NetworkingResult"
    }
  ],
  "functions" : [
    {
      "abiName" : "bjs_handle",
      "effects" : {
        "isAsync" : false,
        "isThrows" : false
      },
      "name" : "handle",
      "parameters" : [
        {
          "label" : "result",
          "name" : "result",
          "type" : {
            "associatedValueEnum" : {
              "_0" : "APIResult"
            }
          }
        }
      ],
      "returnType" : {
        "void" : {

        }
      }
    },
    {
      "abiName" : "bjs_getResult",
      "effects" : {
        "isAsync" : false,
        "isThrows" : false
      },
      "name" : "getResult",
      "parameters" : [

      ],
      "returnType" : {
        "associatedValueEnum" : {
          "_0" : "APIResult"
        }
      }
    },
    {
      "abiName" : "bjs_handleComplex",
      "effects" : {
        "isAsync" : false,
        "isThrows" : false
      },
      "name" : "handleComplex",
      "parameters" : [
        {
          "label" : "result",
          "name" : "result",
          "type" : {
            "associatedValueEnum" : {
              "_0" : "ComplexResult"
            }
          }
        }
      ],
      "returnType" : {
        "void" : {

        }
      }
    },
    {
      "abiName" : "bjs_getComplexResult",
      "effects" : {
        "isAsync" : false,
        "isThrows" : false
      },
      "name" : "getComplexResult",
      "parameters" : [

      ],
      "returnType" : {
        "associatedValueEnum" : {
          "_0" : "ComplexResult"
        }
      }
    }
  ],
  "moduleName" : "TestModule"
}