{
  "classes" : [

  ],
  "enums" : [
    {
      "cases" : [
        {
          "associatedValues" : [

          ],
          "name" : "north"
        },
        {
          "associatedValues" : [

          ],
          "name" : "south"
        },
        {
          "associatedValues" : [

          ],
          "name" : "east"
        },
        {
          "associatedValues" : [

          ],
          "name" : "west"
        }
      ],
      "emitStyle" : "const",
      "name" : "Direction",
      "staticMethods" : [

      ],
      "staticProperties" : [

      ],
      "swiftCallName" : "Direction"
    },
    {
      "cases" : [
        {
          "associatedValues" : [

          ],
          "name" : "loading"
        },
        {
          "associatedValues" : [

          ],
          "name" : "success"
        },
        {
          "associatedValues" : [

          ],
          "name" : "error"
        }
      ],
      "emitStyle" : "const",
      "name" : "Status",
      "staticMethods" : [

      ],
      "staticProperties" : [

      ],
      "swiftCallName" : "Status"
    },
    {
      "cases" : [
        {
          "associatedValues" : [

          ],
          "name" : "north"
        },
        {
          "associatedValues" : [

          ],
          "name" : "south"
        },
        {
          "associatedValues" : [

          ],
          "name" : "east"
        },
        {
          "associatedValues" : [

          ],
          "name" : "west"
        }
      ],
      "emitStyle" : "tsEnum",
      "name" : "TSDirection",
      "staticMethods" : [

      ],
      "staticProperties" : [

      ],
      "swiftCallName" : "TSDirection"
    },
    {
      "cases" : [
        {
          "associatedValues" : [

          ],
          "name" : "success"
        }
      ],
      "emitStyle" : "const",
      "explicitAccessControl" : "public",
      "name" : "PublicStatus",
      "staticMethods" : [

      ],
      "staticProperties" : [

      ],
      "swiftCallName" : "PublicStatus"
    }
  ],
  "functions" : [
    {
      "abiName" : "bjs_setDirection",
      "effects" : {
        "isAsync" : false,
        "isStatic" : false,
        "isThrows" : false
      },
      "name" : "setDirection",
      "parameters" : [
        {
          "label" : "_",
          "name" : "direction",
          "type" : {
            "caseEnum" : {
              "_0" : "Direction"
            }
          }
        }
      ],
      "returnType" : {
        "void" : {

        }
      }
    },
    {
      "abiName" : "bjs_getDirection",
      "effects" : {
        "isAsync" : false,
        "isStatic" : false,
        "isThrows" : false
      },
      "name" : "getDirection",
      "parameters" : [

      ],
      "returnType" : {
        "caseEnum" : {
          "_0" : "Direction"
        }
      }
    },
    {
      "abiName" : "bjs_processDirection",
      "effects" : {
        "isAsync" : false,
        "isStatic" : false,
        "isThrows" : false
      },
      "name" : "processDirection",
      "parameters" : [
        {
          "label" : "_",
          "name" : "input",
          "type" : {
            "caseEnum" : {
              "_0" : "Direction"
            }
          }
        }
      ],
      "returnType" : {
        "caseEnum" : {
          "_0" : "Status"
        }
      }
    },
    {
      "abiName" : "bjs_roundTripOptionalDirection",
      "effects" : {
        "isAsync" : false,
        "isStatic" : false,
        "isThrows" : false
      },
      "name" : "roundTripOptionalDirection",
      "parameters" : [
        {
          "label" : "_",
          "name" : "input",
          "type" : {
            "optional" : {
              "_0" : {
                "caseEnum" : {
                  "_0" : "Direction"
                }
              }
            }
          }
        }
      ],
      "returnType" : {
        "optional" : {
          "_0" : {
            "caseEnum" : {
              "_0" : "Direction"
            }
          }
        }
      }
    },
    {
      "abiName" : "bjs_setTSDirection",
      "effects" : {
        "isAsync" : false,
        "isStatic" : false,
        "isThrows" : false
      },
      "name" : "setTSDirection",
      "parameters" : [
        {
          "label" : "_",
          "name" : "direction",
          "type" : {
            "caseEnum" : {
              "_0" : "TSDirection"
            }
          }
        }
      ],
      "returnType" : {
        "void" : {

        }
      }
    },
    {
      "abiName" : "bjs_getTSDirection",
      "effects" : {
        "isAsync" : false,
        "isStatic" : false,
        "isThrows" : false
      },
      "name" : "getTSDirection",
      "parameters" : [

      ],
      "returnType" : {
        "caseEnum" : {
          "_0" : "TSDirection"
        }
      }
    },
    {
      "abiName" : "bjs_roundTripOptionalTSDirection",
      "effects" : {
        "isAsync" : false,
        "isStatic" : false,
        "isThrows" : false
      },
      "name" : "roundTripOptionalTSDirection",
      "parameters" : [
        {
          "label" : "_",
          "name" : "input",
          "type" : {
            "optional" : {
              "_0" : {
                "caseEnum" : {
                  "_0" : "TSDirection"
                }
              }
            }
          }
        }
      ],
      "returnType" : {
        "optional" : {
          "_0" : {
            "caseEnum" : {
              "_0" : "TSDirection"
            }
          }
        }
      }
    }
  ],
  "moduleName" : "TestModule"
}