{
  "classes" : [

  ],
  "enums" : [

  ],
  "functions" : [
    {
      "abiName" : "bjs_check",
      "effects" : {
        "isAsync" : false,
        "isStatic" : false,
        "isThrows" : false
      },
      "name" : "check",
      "parameters" : [
        {
          "label" : "a",
          "name" : "a",
          "type" : {
            "int" : {

            }
          }
        },
        {
          "label" : "b",
          "name" : "b",
          "type" : {
            "float" : {

            }
          }
        },
        {
          "label" : "c",
          "name" : "c",
          "type" : {
            "double" : {

            }
          }
        },
        {
          "label" : "d",
          "name" : "d",
          "type" : {
            "bool" : {

            }
          }
        }
      ],
      "returnType" : {
        "void" : {

        }
      }
    }
  ],
  "moduleName" : "TestModule",
  "protocols" : [

  ]
}