{
  "classes" : [

  ],
  "enums" : [

  ],
  "functions" : [
    {
      "abiName" : "bjs_checkInt",
      "effects" : {
        "isAsync" : false,
        "isStatic" : false,
        "isThrows" : false
      },
      "name" : "checkInt",
      "parameters" : [

      ],
      "returnType" : {
        "int" : {

        }
      }
    },
    {
      "abiName" : "bjs_checkFloat",
      "effects" : {
        "isAsync" : false,
        "isStatic" : false,
        "isThrows" : false
      },
      "name" : "checkFloat",
      "parameters" : [

      ],
      "returnType" : {
        "float" : {

        }
      }
    },
    {
      "abiName" : "bjs_checkDouble",
      "effects" : {
        "isAsync" : false,
        "isStatic" : false,
        "isThrows" : false
      },
      "name" : "checkDouble",
      "parameters" : [

      ],
      "returnType" : {
        "double" : {

        }
      }
    },
    {
      "abiName" : "bjs_checkBool",
      "effects" : {
        "isAsync" : false,
        "isStatic" : false,
        "isThrows" : false
      },
      "name" : "checkBool",
      "parameters" : [

      ],
      "returnType" : {
        "bool" : {

        }
      }
    }
  ],
  "moduleName" : "TestModule"
}