{
  "classes" : [
    {
      "constructor" : {
        "abiName" : "bjs_Helper_init",
        "effects" : {
          "isAsync" : false,
          "isStatic" : false,
          "isThrows" : false
        },
        "parameters" : [
          {
            "label" : "value",
            "name" : "value",
            "type" : {
              "int" : {

              }
            }
          }
        ]
      },
      "methods" : [
        {
          "abiName" : "bjs_Helper_increment",
          "effects" : {
            "isAsync" : false,
            "isStatic" : false,
            "isThrows" : false
          },
          "name" : "increment",
          "parameters" : [

          ],
          "returnType" : {
            "void" : {

            }
          }
        }
      ],
      "name" : "Helper",
      "properties" : [
        {
          "isReadonly" : false,
          "isStatic" : false,
          "name" : "value",
          "type" : {
            "int" : {

            }
          }
        }
      ],
      "swiftCallName" : "Helper"
    },
    {
      "constructor" : {
        "abiName" : "bjs_MyViewController_init",
        "effects" : {
          "isAsync" : false,
          "isStatic" : false,
          "isThrows" : false
        },
        "parameters" : [
          {
            "label" : "delegate",
            "name" : "delegate",
            "type" : {
              "swiftProtocol" : {
                "_0" : "MyViewControllerDelegate"
              }
            }
          }
        ]
      },
      "methods" : [
        {
          "abiName" : "bjs_MyViewController_triggerEvent",
          "effects" : {
            "isAsync" : false,
            "isStatic" : false,
            "isThrows" : false
          },
          "name" : "triggerEvent",
          "parameters" : [

          ],
          "returnType" : {
            "void" : {

            }
          }
        },
        {
          "abiName" : "bjs_MyViewController_updateValue",
          "effects" : {
            "isAsync" : false,
            "isStatic" : false,
            "isThrows" : false
          },
          "name" : "updateValue",
          "parameters" : [
            {
              "label" : "_",
              "name" : "value",
              "type" : {
                "string" : {

                }
              }
            }
          ],
          "returnType" : {
            "void" : {

            }
          }
        },
        {
          "abiName" : "bjs_MyViewController_updateCount",
          "effects" : {
            "isAsync" : false,
            "isStatic" : false,
            "isThrows" : false
          },
          "name" : "updateCount",
          "parameters" : [
            {
              "label" : "_",
              "name" : "count",
              "type" : {
                "int" : {

                }
              }
            }
          ],
          "returnType" : {
            "bool" : {

            }
          }
        },
        {
          "abiName" : "bjs_MyViewController_updateLabel",
          "effects" : {
            "isAsync" : false,
            "isStatic" : false,
            "isThrows" : false
          },
          "name" : "updateLabel",
          "parameters" : [
            {
              "label" : "_",
              "name" : "prefix",
              "type" : {
                "string" : {

                }
              }
            },
            {
              "label" : "_",
              "name" : "suffix",
              "type" : {
                "string" : {

                }
              }
            }
          ],
          "returnType" : {
            "void" : {

            }
          }
        },
        {
          "abiName" : "bjs_MyViewController_checkEvenCount",
          "effects" : {
            "isAsync" : false,
            "isStatic" : false,
            "isThrows" : false
          },
          "name" : "checkEvenCount",
          "parameters" : [

          ],
          "returnType" : {
            "bool" : {

            }
          }
        },
        {
          "abiName" : "bjs_MyViewController_sendHelper",
          "effects" : {
            "isAsync" : false,
            "isStatic" : false,
            "isThrows" : false
          },
          "name" : "sendHelper",
          "parameters" : [
            {
              "label" : "_",
              "name" : "helper",
              "type" : {
                "swiftHeapObject" : {
                  "_0" : "Helper"
                }
              }
            }
          ],
          "returnType" : {
            "void" : {

            }
          }
        }
      ],
      "name" : "MyViewController",
      "properties" : [
        {
          "isReadonly" : false,
          "isStatic" : false,
          "name" : "delegate",
          "type" : {
            "swiftProtocol" : {
              "_0" : "MyViewControllerDelegate"
            }
          }
        },
        {
          "isReadonly" : false,
          "isStatic" : false,
          "name" : "secondDelegate",
          "type" : {
            "optional" : {
              "_0" : {
                "swiftProtocol" : {
                  "_0" : "MyViewControllerDelegate"
                }
              }
            }
          }
        }
      ],
      "swiftCallName" : "MyViewController"
    }
  ],
  "enums" : [
    {
      "cases" : [
        {
          "associatedValues" : [

          ],
          "name" : "north"
        },
        {
          "associatedValues" : [

          ],
          "name" : "south"
        },
        {
          "associatedValues" : [

          ],
          "name" : "east"
        },
        {
          "associatedValues" : [

          ],
          "name" : "west"
        }
      ],
      "emitStyle" : "const",
      "name" : "Direction",
      "staticMethods" : [

      ],
      "staticProperties" : [

      ],
      "swiftCallName" : "Direction"
    },
    {
      "cases" : [
        {
          "associatedValues" : [

          ],
          "name" : "test",
          "rawValue" : "test"
        },
        {
          "associatedValues" : [

          ],
          "name" : "test2",
          "rawValue" : "test2"
        }
      ],
      "emitStyle" : "const",
      "name" : "ExampleEnum",
      "rawType" : "String",
      "staticMethods" : [

      ],
      "staticProperties" : [

      ],
      "swiftCallName" : "ExampleEnum"
    },
    {
      "cases" : [
        {
          "associatedValues" : [
            {
              "type" : {
                "string" : {

                }
              }
            }
          ],
          "name" : "success"
        },
        {
          "associatedValues" : [
            {
              "type" : {
                "int" : {

                }
              }
            }
          ],
          "name" : "failure"
        }
      ],
      "emitStyle" : "const",
      "name" : "Result",
      "staticMethods" : [

      ],
      "staticProperties" : [

      ],
      "swiftCallName" : "Result"
    },
    {
      "cases" : [
        {
          "associatedValues" : [

          ],
          "name" : "low",
          "rawValue" : "-1"
        },
        {
          "associatedValues" : [

          ],
          "name" : "medium",
          "rawValue" : "0"
        },
        {
          "associatedValues" : [

          ],
          "name" : "high",
          "rawValue" : "1"
        }
      ],
      "emitStyle" : "const",
      "name" : "Priority",
      "rawType" : "Int",
      "staticMethods" : [

      ],
      "staticProperties" : [

      ],
      "swiftCallName" : "Priority"
    }
  ],
  "functions" : [

  ],
  "moduleName" : "TestModule",
  "protocols" : [
    {
      "methods" : [
        {
          "abiName" : "bjs_MyViewControllerDelegate_onSomethingHappened",
          "effects" : {
            "isAsync" : false,
            "isStatic" : false,
            "isThrows" : false
          },
          "name" : "onSomethingHappened",
          "parameters" : [

          ],
          "returnType" : {
            "void" : {

            }
          }
        },
        {
          "abiName" : "bjs_MyViewControllerDelegate_onValueChanged",
          "effects" : {
            "isAsync" : false,
            "isStatic" : false,
            "isThrows" : false
          },
          "name" : "onValueChanged",
          "parameters" : [
            {
              "label" : "_",
              "name" : "value",
              "type" : {
                "string" : {

                }
              }
            }
          ],
          "returnType" : {
            "void" : {

            }
          }
        },
        {
          "abiName" : "bjs_MyViewControllerDelegate_onCountUpdated",
          "effects" : {
            "isAsync" : false,
            "isStatic" : false,
            "isThrows" : false
          },
          "name" : "onCountUpdated",
          "parameters" : [
            {
              "label" : "count",
              "name" : "count",
              "type" : {
                "int" : {

                }
              }
            }
          ],
          "returnType" : {
            "bool" : {

            }
          }
        },
        {
          "abiName" : "bjs_MyViewControllerDelegate_onLabelUpdated",
          "effects" : {
            "isAsync" : false,
            "isStatic" : false,
            "isThrows" : false
          },
          "name" : "onLabelUpdated",
          "parameters" : [
            {
              "label" : "_",
              "name" : "prefix",
              "type" : {
                "string" : {

                }
              }
            },
            {
              "label" : "_",
              "name" : "suffix",
              "type" : {
                "string" : {

                }
              }
            }
          ],
          "returnType" : {
            "void" : {

            }
          }
        },
        {
          "abiName" : "bjs_MyViewControllerDelegate_isCountEven",
          "effects" : {
            "isAsync" : false,
            "isStatic" : false,
            "isThrows" : false
          },
          "name" : "isCountEven",
          "parameters" : [

          ],
          "returnType" : {
            "bool" : {

            }
          }
        },
        {
          "abiName" : "bjs_MyViewControllerDelegate_onHelperUpdated",
          "effects" : {
            "isAsync" : false,
            "isStatic" : false,
            "isThrows" : false
          },
          "name" : "onHelperUpdated",
          "parameters" : [
            {
              "label" : "_",
              "name" : "helper",
              "type" : {
                "swiftHeapObject" : {
                  "_0" : "Helper"
                }
              }
            }
          ],
          "returnType" : {
            "void" : {

            }
          }
        },
        {
          "abiName" : "bjs_MyViewControllerDelegate_createHelper",
          "effects" : {
            "isAsync" : false,
            "isStatic" : false,
            "isThrows" : false
          },
          "name" : "createHelper",
          "parameters" : [

          ],
          "returnType" : {
            "swiftHeapObject" : {
              "_0" : "Helper"
            }
          }
        },
        {
          "abiName" : "bjs_MyViewControllerDelegate_onOptionalHelperUpdated",
          "effects" : {
            "isAsync" : false,
            "isStatic" : false,
            "isThrows" : false
          },
          "name" : "onOptionalHelperUpdated",
          "parameters" : [
            {
              "label" : "_",
              "name" : "helper",
              "type" : {
                "optional" : {
                  "_0" : {
                    "swiftHeapObject" : {
                      "_0" : "Helper"
                    }
                  }
                }
              }
            }
          ],
          "returnType" : {
            "void" : {

            }
          }
        },
        {
          "abiName" : "bjs_MyViewControllerDelegate_createOptionalHelper",
          "effects" : {
            "isAsync" : false,
            "isStatic" : false,
            "isThrows" : false
          },
          "name" : "createOptionalHelper",
          "parameters" : [

          ],
          "returnType" : {
            "optional" : {
              "_0" : {
                "swiftHeapObject" : {
                  "_0" : "Helper"
                }
              }
            }
          }
        },
        {
          "abiName" : "bjs_MyViewControllerDelegate_createEnum",
          "effects" : {
            "isAsync" : false,
            "isStatic" : false,
            "isThrows" : false
          },
          "name" : "createEnum",
          "parameters" : [

          ],
          "returnType" : {
            "rawValueEnum" : {
              "_0" : "ExampleEnum",
              "_1" : "String"
            }
          }
        },
        {
          "abiName" : "bjs_MyViewControllerDelegate_handleResult",
          "effects" : {
            "isAsync" : false,
            "isStatic" : false,
            "isThrows" : false
          },
          "name" : "handleResult",
          "parameters" : [
            {
              "label" : "_",
              "name" : "result",
              "type" : {
                "associatedValueEnum" : {
                  "_0" : "Result"
                }
              }
            }
          ],
          "returnType" : {
            "void" : {

            }
          }
        },
        {
          "abiName" : "bjs_MyViewControllerDelegate_getResult",
          "effects" : {
            "isAsync" : false,
            "isStatic" : false,
            "isThrows" : false
          },
          "name" : "getResult",
          "parameters" : [

          ],
          "returnType" : {
            "associatedValueEnum" : {
              "_0" : "Result"
            }
          }
        }
      ],
      "name" : "MyViewControllerDelegate",
      "properties" : [
        {
          "isReadonly" : false,
          "name" : "eventCount",
          "type" : {
            "int" : {

            }
          }
        },
        {
          "isReadonly" : true,
          "name" : "delegateName",
          "type" : {
            "string" : {

            }
          }
        },
        {
          "isReadonly" : false,
          "name" : "optionalName",
          "type" : {
            "optional" : {
              "_0" : {
                "string" : {

                }
              }
            }
          }
        },
        {
          "isReadonly" : false,
          "name" : "optionalRawEnum",
          "type" : {
            "optional" : {
              "_0" : {
                "rawValueEnum" : {
                  "_0" : "ExampleEnum",
                  "_1" : "String"
                }
              }
            }
          }
        },
        {
          "isReadonly" : false,
          "name" : "rawStringEnum",
          "type" : {
            "rawValueEnum" : {
              "_0" : "ExampleEnum",
              "_1" : "String"
            }
          }
        },
        {
          "isReadonly" : false,
          "name" : "result",
          "type" : {
            "associatedValueEnum" : {
              "_0" : "Result"
            }
          }
        },
        {
          "isReadonly" : false,
          "name" : "optionalResult",
          "type" : {
            "optional" : {
              "_0" : {
                "associatedValueEnum" : {
                  "_0" : "Result"
                }
              }
            }
          }
        },
        {
          "isReadonly" : false,
          "name" : "direction",
          "type" : {
            "caseEnum" : {
              "_0" : "Direction"
            }
          }
        },
        {
          "isReadonly" : false,
          "name" : "directionOptional",
          "type" : {
            "optional" : {
              "_0" : {
                "caseEnum" : {
                  "_0" : "Direction"
                }
              }
            }
          }
        },
        {
          "isReadonly" : false,
          "name" : "priority",
          "type" : {
            "rawValueEnum" : {
              "_0" : "Priority",
              "_1" : "Int"
            }
          }
        },
        {
          "isReadonly" : false,
          "name" : "priorityOptional",
          "type" : {
            "optional" : {
              "_0" : {
                "rawValueEnum" : {
                  "_0" : "Priority",
                  "_1" : "Int"
                }
              }
            }
          }
        }
      ]
    }
  ]
}