{
  "classes" : [

  ],
  "enums" : [

  ],
  "functions" : [
    {
      "abiName" : "bjs_checkString",
      "effects" : {
        "isAsync" : false,
        "isStatic" : false,
        "isThrows" : false
      },
      "name" : "checkString",
      "parameters" : [
        {
          "label" : "a",
          "name" : "a",
          "type" : {
            "string" : {

            }
          }
        }
      ],
      "returnType" : {
        "void" : {

        }
      }
    },
    {
      "abiName" : "bjs_roundtripString",
      "effects" : {
        "isAsync" : false,
        "isStatic" : false,
        "isThrows" : false
      },
      "name" : "roundtripString",
      "parameters" : [
        {
          "label" : "a",
          "name" : "a",
          "type" : {
            "string" : {

            }
          }
        }
      ],
      "returnType" : {
        "string" : {

        }
      }
    }
  ],
  "moduleName" : "TestModule",
  "protocols" : [

  ]
}