{
  "classes" : [

  ],
  "enums" : [

  ],
  "functions" : [
    {
      "abiName" : "bjs_throwsSomething",
      "effects" : {
        "isAsync" : false,
        "isStatic" : false,
        "isThrows" : true
      },
      "name" : "throwsSomething",
      "parameters" : [

      ],
      "returnType" : {
        "void" : {

        }
      }
    }
  ],
  "moduleName" : "TestModule",
  "protocols" : [

  ]
}