[
  {
    "attributes" : [
      "silent"
    ],
    "inputs" : [
      "$PLANNER_SOURCE_PATH"
    ],
    "output" : "$INTERMEDIATES",
    "wants" : [

    ]
  },
  {
    "attributes" : [

    ],
    "inputs" : [
      "$PLANNER_SOURCE_PATH",
      "$OUTPUT\/package.json"
    ],
    "output" : "$INTERMEDIATES\/npm-install.stamp",
    "wants" : [
      "$INTERMEDIATES",
      "$OUTPUT\/package.json"
    ]
  },
  {
    "attributes" : [

    ],
    "inputs" : [
      "$PLANNER_SOURCE_PATH",
      "$OUTPUT\/main.wasm"
    ],
    "output" : "$INTERMEDIATES\/wasm-imports.json",
    "wants" : [
      "$OUTPUT",
      "$INTERMEDIATES",
      "$OUTPUT\/main.wasm"
    ]
  },
  {
    "attributes" : [
      "silent"
    ],
    "inputs" : [
      "$PLANNER_SOURCE_PATH"
    ],
    "output" : "$OUTPUT",
    "wants" : [

    ]
  },
  {
    "attributes" : [

    ],
    "inputs" : [
      "$PLANNER_SOURCE_PATH"
    ],
    "output" : "$OUTPUT\/bin",
    "wants" : [
      "$OUTPUT"
    ]
  },
  {
    "attributes" : [

    ],
    "inputs" : [
      "$PLANNER_SOURCE_PATH",
      "$SELF_PACKAGE\/Plugins\/PackageToJS\/Templates\/bin\/test.js"
    ],
    "output" : "$OUTPUT\/bin\/test.js",
    "salt" : "eyJjb25kaXRpb25zIjp7IkhBU19CUklER0UiOmZhbHNlLCJIQVNfSU1QT1JUUyI6ZmFsc2UsIklTX1dBU0kiOnRydWUsIlRBUkdFVF9ERUZBVUxUX1BMQVRGT1JNX0JST1dTRVIiOnRydWUsIlRBUkdFVF9ERUZBVUxUX1BMQVRGT1JNX05PREUiOmZhbHNlLCJVU0VfU0hBUkVEX01FTU9SWSI6ZmFsc2UsIlVTRV9XQVNJX0NETiI6ZmFsc2V9LCJzdWJzdGl0dXRpb25zIjp7IlBBQ0tBR0VfVE9fSlNfTU9EVUxFX1BBVEgiOiJtYWluLndhc20iLCJQQUNLQUdFX1RPX0pTX1BBQ0tBR0VfTkFNRSI6InRlc3QifX0=",
    "wants" : [
      "$OUTPUT",
      "$OUTPUT\/bin"
    ]
  },
  {
    "attributes" : [

    ],
    "inputs" : [
      "$PLANNER_SOURCE_PATH",
      "$SELF_PACKAGE\/Plugins\/PackageToJS\/Templates\/index.d.ts",
      "$INTERMEDIATES\/wasm-imports.json"
    ],
    "output" : "$OUTPUT\/index.d.ts",
    "salt" : "eyJjb25kaXRpb25zIjp7IkhBU19CUklER0UiOmZhbHNlLCJIQVNfSU1QT1JUUyI6ZmFsc2UsIklTX1dBU0kiOnRydWUsIlRBUkdFVF9ERUZBVUxUX1BMQVRGT1JNX0JST1dTRVIiOnRydWUsIlRBUkdFVF9ERUZBVUxUX1BMQVRGT1JNX05PREUiOmZhbHNlLCJVU0VfU0hBUkVEX01FTU9SWSI6ZmFsc2UsIlVTRV9XQVNJX0NETiI6ZmFsc2V9LCJzdWJzdGl0dXRpb25zIjp7IlBBQ0tBR0VfVE9fSlNfTU9EVUxFX1BBVEgiOiJtYWluLndhc20iLCJQQUNLQUdFX1RPX0pTX1BBQ0tBR0VfTkFNRSI6InRlc3QifX0=",
    "wants" : [
      "$OUTPUT",
      "$OUTPUT\/platforms",
      "$INTERMEDIATES\/wasm-imports.json"
    ]
  },
  {
    "attributes" : [

    ],
    "inputs" : [
      "$PLANNER_SOURCE_PATH",
      "$SELF_PACKAGE\/Plugins\/PackageToJS\/Templates\/index.js",
      "$INTERMEDIATES\/wasm-imports.json"
    ],
    "output" : "$OUTPUT\/index.js",
    "salt" : "eyJjb25kaXRpb25zIjp7IkhBU19CUklER0UiOmZhbHNlLCJIQVNfSU1QT1JUUyI6ZmFsc2UsIklTX1dBU0kiOnRydWUsIlRBUkdFVF9ERUZBVUxUX1BMQVRGT1JNX0JST1dTRVIiOnRydWUsIlRBUkdFVF9ERUZBVUxUX1BMQVRGT1JNX05PREUiOmZhbHNlLCJVU0VfU0hBUkVEX01FTU9SWSI6ZmFsc2UsIlVTRV9XQVNJX0NETiI6ZmFsc2V9LCJzdWJzdGl0dXRpb25zIjp7IlBBQ0tBR0VfVE9fSlNfTU9EVUxFX1BBVEgiOiJtYWluLndhc20iLCJQQUNLQUdFX1RPX0pTX1BBQ0tBR0VfTkFNRSI6InRlc3QifX0=",
    "wants" : [
      "$OUTPUT",
      "$OUTPUT\/platforms",
      "$INTERMEDIATES\/wasm-imports.json"
    ]
  },
  {
    "attributes" : [

    ],
    "inputs" : [
      "$PLANNER_SOURCE_PATH",
      "$SELF_PACKAGE\/Plugins\/PackageToJS\/Templates\/instantiate.d.ts",
      "$INTERMEDIATES\/wasm-imports.json"
    ],
    "output" : "$OUTPUT\/instantiate.d.ts",
    "salt" : "eyJjb25kaXRpb25zIjp7IkhBU19CUklER0UiOmZhbHNlLCJIQVNfSU1QT1JUUyI6ZmFsc2UsIklTX1dBU0kiOnRydWUsIlRBUkdFVF9ERUZBVUxUX1BMQVRGT1JNX0JST1dTRVIiOnRydWUsIlRBUkdFVF9ERUZBVUxUX1BMQVRGT1JNX05PREUiOmZhbHNlLCJVU0VfU0hBUkVEX01FTU9SWSI6ZmFsc2UsIlVTRV9XQVNJX0NETiI6ZmFsc2V9LCJzdWJzdGl0dXRpb25zIjp7IlBBQ0tBR0VfVE9fSlNfTU9EVUxFX1BBVEgiOiJtYWluLndhc20iLCJQQUNLQUdFX1RPX0pTX1BBQ0tBR0VfTkFNRSI6InRlc3QifX0=",
    "wants" : [
      "$OUTPUT",
      "$OUTPUT\/platforms",
      "$INTERMEDIATES\/wasm-imports.json"
    ]
  },
  {
    "attributes" : [

    ],
    "inputs" : [
      "$PLANNER_SOURCE_PATH",
      "$SELF_PACKAGE\/Plugins\/PackageToJS\/Templates\/instantiate.js",
      "$INTERMEDIATES\/wasm-imports.json"
    ],
    "output" : "$OUTPUT\/instantiate.js",
    "salt" : "eyJjb25kaXRpb25zIjp7IkhBU19CUklER0UiOmZhbHNlLCJIQVNfSU1QT1JUUyI6ZmFsc2UsIklTX1dBU0kiOnRydWUsIlRBUkdFVF9ERUZBVUxUX1BMQVRGT1JNX0JST1dTRVIiOnRydWUsIlRBUkdFVF9ERUZBVUxUX1BMQVRGT1JNX05PREUiOmZhbHNlLCJVU0VfU0hBUkVEX01FTU9SWSI6ZmFsc2UsIlVTRV9XQVNJX0NETiI6ZmFsc2V9LCJzdWJzdGl0dXRpb25zIjp7IlBBQ0tBR0VfVE9fSlNfTU9EVUxFX1BBVEgiOiJtYWluLndhc20iLCJQQUNLQUdFX1RPX0pTX1BBQ0tBR0VfTkFNRSI6InRlc3QifX0=",
    "wants" : [
      "$OUTPUT",
      "$OUTPUT\/platforms",
      "$INTERMEDIATES\/wasm-imports.json"
    ]
  },
  {
    "attributes" : [

    ],
    "inputs" : [
      "$PLANNER_SOURCE_PATH",
      "$WASM_PRODUCT_ARTIFACT"
    ],
    "output" : "$OUTPUT\/main.wasm",
    "wants" : [
      "$OUTPUT"
    ]
  },
  {
    "attributes" : [

    ],
    "inputs" : [
      "$PLANNER_SOURCE_PATH",
      "$SELF_PACKAGE\/Plugins\/PackageToJS\/Templates\/package.json"
    ],
    "output" : "$OUTPUT\/package.json",
    "salt" : "eyJjb25kaXRpb25zIjp7IkhBU19CUklER0UiOmZhbHNlLCJIQVNfSU1QT1JUUyI6ZmFsc2UsIklTX1dBU0kiOnRydWUsIlRBUkdFVF9ERUZBVUxUX1BMQVRGT1JNX0JST1dTRVIiOnRydWUsIlRBUkdFVF9ERUZBVUxUX1BMQVRGT1JNX05PREUiOmZhbHNlLCJVU0VfU0hBUkVEX01FTU9SWSI6ZmFsc2UsIlVTRV9XQVNJX0NETiI6ZmFsc2V9LCJzdWJzdGl0dXRpb25zIjp7IlBBQ0tBR0VfVE9fSlNfTU9EVUxFX1BBVEgiOiJtYWluLndhc20iLCJQQUNLQUdFX1RPX0pTX1BBQ0tBR0VfTkFNRSI6InRlc3QifX0=",
    "wants" : [
      "$OUTPUT"
    ]
  },
  {
    "attributes" : [
      "silent"
    ],
    "inputs" : [
      "$PLANNER_SOURCE_PATH"
    ],
    "output" : "$OUTPUT\/platforms",
    "wants" : [

    ]
  },
  {
    "attributes" : [

    ],
    "inputs" : [
      "$PLANNER_SOURCE_PATH",
      "$SELF_PACKAGE\/Plugins\/PackageToJS\/Templates\/platforms\/browser.d.ts",
      "$INTERMEDIATES\/wasm-imports.json"
    ],
    "output" : "$OUTPUT\/platforms\/browser.d.ts",
    "salt" : "eyJjb25kaXRpb25zIjp7IkhBU19CUklER0UiOmZhbHNlLCJIQVNfSU1QT1JUUyI6ZmFsc2UsIklTX1dBU0kiOnRydWUsIlRBUkdFVF9ERUZBVUxUX1BMQVRGT1JNX0JST1dTRVIiOnRydWUsIlRBUkdFVF9ERUZBVUxUX1BMQVRGT1JNX05PREUiOmZhbHNlLCJVU0VfU0hBUkVEX01FTU9SWSI6ZmFsc2UsIlVTRV9XQVNJX0NETiI6ZmFsc2V9LCJzdWJzdGl0dXRpb25zIjp7IlBBQ0tBR0VfVE9fSlNfTU9EVUxFX1BBVEgiOiJtYWluLndhc20iLCJQQUNLQUdFX1RPX0pTX1BBQ0tBR0VfTkFNRSI6InRlc3QifX0=",
    "wants" : [
      "$OUTPUT",
      "$OUTPUT\/platforms",
      "$INTERMEDIATES\/wasm-imports.json"
    ]
  },
  {
    "attributes" : [

    ],
    "inputs" : [
      "$PLANNER_SOURCE_PATH",
      "$SELF_PACKAGE\/Plugins\/PackageToJS\/Templates\/platforms\/browser.js",
      "$INTERMEDIATES\/wasm-imports.json"
    ],
    "output" : "$OUTPUT\/platforms\/browser.js",
    "salt" : "eyJjb25kaXRpb25zIjp7IkhBU19CUklER0UiOmZhbHNlLCJIQVNfSU1QT1JUUyI6ZmFsc2UsIklTX1dBU0kiOnRydWUsIlRBUkdFVF9ERUZBVUxUX1BMQVRGT1JNX0JST1dTRVIiOnRydWUsIlRBUkdFVF9ERUZBVUxUX1BMQVRGT1JNX05PREUiOmZhbHNlLCJVU0VfU0hBUkVEX01FTU9SWSI6ZmFsc2UsIlVTRV9XQVNJX0NETiI6ZmFsc2V9LCJzdWJzdGl0dXRpb25zIjp7IlBBQ0tBR0VfVE9fSlNfTU9EVUxFX1BBVEgiOiJtYWluLndhc20iLCJQQUNLQUdFX1RPX0pTX1BBQ0tBR0VfTkFNRSI6InRlc3QifX0=",
    "wants" : [
      "$OUTPUT",
      "$OUTPUT\/platforms",
      "$INTERMEDIATES\/wasm-imports.json"
    ]
  },
  {
    "attributes" : [

    ],
    "inputs" : [
      "$PLANNER_SOURCE_PATH",
      "$SELF_PACKAGE\/Plugins\/PackageToJS\/Templates\/platforms\/browser.worker.js",
      "$INTERMEDIATES\/wasm-imports.json"
    ],
    "output" : "$OUTPUT\/platforms\/browser.worker.js",
    "salt" : "eyJjb25kaXRpb25zIjp7IkhBU19CUklER0UiOmZhbHNlLCJIQVNfSU1QT1JUUyI6ZmFsc2UsIklTX1dBU0kiOnRydWUsIlRBUkdFVF9ERUZBVUxUX1BMQVRGT1JNX0JST1dTRVIiOnRydWUsIlRBUkdFVF9ERUZBVUxUX1BMQVRGT1JNX05PREUiOmZhbHNlLCJVU0VfU0hBUkVEX01FTU9SWSI6ZmFsc2UsIlVTRV9XQVNJX0NETiI6ZmFsc2V9LCJzdWJzdGl0dXRpb25zIjp7IlBBQ0tBR0VfVE9fSlNfTU9EVUxFX1BBVEgiOiJtYWluLndhc20iLCJQQUNLQUdFX1RPX0pTX1BBQ0tBR0VfTkFNRSI6InRlc3QifX0=",
    "wants" : [
      "$OUTPUT",
      "$OUTPUT\/platforms",
      "$INTERMEDIATES\/wasm-imports.json"
    ]
  },
  {
    "attributes" : [

    ],
    "inputs" : [
      "$PLANNER_SOURCE_PATH",
      "$SELF_PACKAGE\/Plugins\/PackageToJS\/Templates\/platforms\/node.d.ts",
      "$INTERMEDIATES\/wasm-imports.json"
    ],
    "output" : "$OUTPUT\/platforms\/node.d.ts",
    "salt" : "eyJjb25kaXRpb25zIjp7IkhBU19CUklER0UiOmZhbHNlLCJIQVNfSU1QT1JUUyI6ZmFsc2UsIklTX1dBU0kiOnRydWUsIlRBUkdFVF9ERUZBVUxUX1BMQVRGT1JNX0JST1dTRVIiOnRydWUsIlRBUkdFVF9ERUZBVUxUX1BMQVRGT1JNX05PREUiOmZhbHNlLCJVU0VfU0hBUkVEX01FTU9SWSI6ZmFsc2UsIlVTRV9XQVNJX0NETiI6ZmFsc2V9LCJzdWJzdGl0dXRpb25zIjp7IlBBQ0tBR0VfVE9fSlNfTU9EVUxFX1BBVEgiOiJtYWluLndhc20iLCJQQUNLQUdFX1RPX0pTX1BBQ0tBR0VfTkFNRSI6InRlc3QifX0=",
    "wants" : [
      "$OUTPUT",
      "$OUTPUT\/platforms",
      "$INTERMEDIATES\/wasm-imports.json"
    ]
  },
  {
    "attributes" : [

    ],
    "inputs" : [
      "$PLANNER_SOURCE_PATH",
      "$SELF_PACKAGE\/Plugins\/PackageToJS\/Templates\/platforms\/node.js",
      "$INTERMEDIATES\/wasm-imports.json"
    ],
    "output" : "$OUTPUT\/platforms\/node.js",
    "salt" : "eyJjb25kaXRpb25zIjp7IkhBU19CUklER0UiOmZhbHNlLCJIQVNfSU1QT1JUUyI6ZmFsc2UsIklTX1dBU0kiOnRydWUsIlRBUkdFVF9ERUZBVUxUX1BMQVRGT1JNX0JST1dTRVIiOnRydWUsIlRBUkdFVF9ERUZBVUxUX1BMQVRGT1JNX05PREUiOmZhbHNlLCJVU0VfU0hBUkVEX01FTU9SWSI6ZmFsc2UsIlVTRV9XQVNJX0NETiI6ZmFsc2V9LCJzdWJzdGl0dXRpb25zIjp7IlBBQ0tBR0VfVE9fSlNfTU9EVUxFX1BBVEgiOiJtYWluLndhc20iLCJQQUNLQUdFX1RPX0pTX1BBQ0tBR0VfTkFNRSI6InRlc3QifX0=",
    "wants" : [
      "$OUTPUT",
      "$OUTPUT\/platforms",
      "$INTERMEDIATES\/wasm-imports.json"
    ]
  },
  {
    "attributes" : [

    ],
    "inputs" : [
      "$PLANNER_SOURCE_PATH",
      "$SELF_PACKAGE\/Sources\/JavaScriptKit\/Runtime\/index.d.ts",
      "$INTERMEDIATES\/wasm-imports.json"
    ],
    "output" : "$OUTPUT\/runtime.d.ts",
    "salt" : "eyJjb25kaXRpb25zIjp7IkhBU19CUklER0UiOmZhbHNlLCJIQVNfSU1QT1JUUyI6ZmFsc2UsIklTX1dBU0kiOnRydWUsIlRBUkdFVF9ERUZBVUxUX1BMQVRGT1JNX0JST1dTRVIiOnRydWUsIlRBUkdFVF9ERUZBVUxUX1BMQVRGT1JNX05PREUiOmZhbHNlLCJVU0VfU0hBUkVEX01FTU9SWSI6ZmFsc2UsIlVTRV9XQVNJX0NETiI6ZmFsc2V9LCJzdWJzdGl0dXRpb25zIjp7IlBBQ0tBR0VfVE9fSlNfTU9EVUxFX1BBVEgiOiJtYWluLndhc20iLCJQQUNLQUdFX1RPX0pTX1BBQ0tBR0VfTkFNRSI6InRlc3QifX0=",
    "wants" : [
      "$OUTPUT",
      "$OUTPUT\/platforms",
      "$INTERMEDIATES\/wasm-imports.json"
    ]
  },
  {
    "attributes" : [

    ],
    "inputs" : [
      "$PLANNER_SOURCE_PATH",
      "$SELF_PACKAGE\/Sources\/JavaScriptKit\/Runtime\/index.mjs",
      "$INTERMEDIATES\/wasm-imports.json"
    ],
    "output" : "$OUTPUT\/runtime.js",
    "salt" : "eyJjb25kaXRpb25zIjp7IkhBU19CUklER0UiOmZhbHNlLCJIQVNfSU1QT1JUUyI6ZmFsc2UsIklTX1dBU0kiOnRydWUsIlRBUkdFVF9ERUZBVUxUX1BMQVRGT1JNX0JST1dTRVIiOnRydWUsIlRBUkdFVF9ERUZBVUxUX1BMQVRGT1JNX05PREUiOmZhbHNlLCJVU0VfU0hBUkVEX01FTU9SWSI6ZmFsc2UsIlVTRV9XQVNJX0NETiI6ZmFsc2V9LCJzdWJzdGl0dXRpb25zIjp7IlBBQ0tBR0VfVE9fSlNfTU9EVUxFX1BBVEgiOiJtYWluLndhc20iLCJQQUNLQUdFX1RPX0pTX1BBQ0tBR0VfTkFNRSI6InRlc3QifX0=",
    "wants" : [
      "$OUTPUT",
      "$OUTPUT\/platforms",
      "$INTERMEDIATES\/wasm-imports.json"
    ]
  },
  {
    "attributes" : [

    ],
    "inputs" : [
      "$PLANNER_SOURCE_PATH",
      "$SELF_PACKAGE\/Plugins\/PackageToJS\/Templates\/test.browser.html"
    ],
    "output" : "$OUTPUT\/test.browser.html",
    "salt" : "eyJjb25kaXRpb25zIjp7IkhBU19CUklER0UiOmZhbHNlLCJIQVNfSU1QT1JUUyI6ZmFsc2UsIklTX1dBU0kiOnRydWUsIlRBUkdFVF9ERUZBVUxUX1BMQVRGT1JNX0JST1dTRVIiOnRydWUsIlRBUkdFVF9ERUZBVUxUX1BMQVRGT1JNX05PREUiOmZhbHNlLCJVU0VfU0hBUkVEX01FTU9SWSI6ZmFsc2UsIlVTRV9XQVNJX0NETiI6ZmFsc2V9LCJzdWJzdGl0dXRpb25zIjp7IlBBQ0tBR0VfVE9fSlNfTU9EVUxFX1BBVEgiOiJtYWluLndhc20iLCJQQUNLQUdFX1RPX0pTX1BBQ0tBR0VfTkFNRSI6InRlc3QifX0=",
    "wants" : [
      "$OUTPUT",
      "$OUTPUT\/bin"
    ]
  },
  {
    "attributes" : [

    ],
    "inputs" : [
      "$PLANNER_SOURCE_PATH",
      "$SELF_PACKAGE\/Plugins\/PackageToJS\/Templates\/test.d.ts"
    ],
    "output" : "$OUTPUT\/test.d.ts",
    "salt" : "eyJjb25kaXRpb25zIjp7IkhBU19CUklER0UiOmZhbHNlLCJIQVNfSU1QT1JUUyI6ZmFsc2UsIklTX1dBU0kiOnRydWUsIlRBUkdFVF9ERUZBVUxUX1BMQVRGT1JNX0JST1dTRVIiOnRydWUsIlRBUkdFVF9ERUZBVUxUX1BMQVRGT1JNX05PREUiOmZhbHNlLCJVU0VfU0hBUkVEX01FTU9SWSI6ZmFsc2UsIlVTRV9XQVNJX0NETiI6ZmFsc2V9LCJzdWJzdGl0dXRpb25zIjp7IlBBQ0tBR0VfVE9fSlNfTU9EVUxFX1BBVEgiOiJtYWluLndhc20iLCJQQUNLQUdFX1RPX0pTX1BBQ0tBR0VfTkFNRSI6InRlc3QifX0=",
    "wants" : [
      "$OUTPUT",
      "$OUTPUT\/bin"
    ]
  },
  {
    "attributes" : [

    ],
    "inputs" : [
      "$PLANNER_SOURCE_PATH",
      "$SELF_PACKAGE\/Plugins\/PackageToJS\/Templates\/test.js"
    ],
    "output" : "$OUTPUT\/test.js",
    "salt" : "eyJjb25kaXRpb25zIjp7IkhBU19CUklER0UiOmZhbHNlLCJIQVNfSU1QT1JUUyI6ZmFsc2UsIklTX1dBU0kiOnRydWUsIlRBUkdFVF9ERUZBVUxUX1BMQVRGT1JNX0JST1dTRVIiOnRydWUsIlRBUkdFVF9ERUZBVUxUX1BMQVRGT1JNX05PREUiOmZhbHNlLCJVU0VfU0hBUkVEX01FTU9SWSI6ZmFsc2UsIlVTRV9XQVNJX0NETiI6ZmFsc2V9LCJzdWJzdGl0dXRpb25zIjp7IlBBQ0tBR0VfVE9fSlNfTU9EVUxFX1BBVEgiOiJtYWluLndhc20iLCJQQUNLQUdFX1RPX0pTX1BBQ0tBR0VfTkFNRSI6InRlc3QifX0=",
    "wants" : [
      "$OUTPUT",
      "$OUTPUT\/bin"
    ]
  },
  {
    "attributes" : [
      "phony",
      "silent"
    ],
    "inputs" : [

    ],
    "output" : "all",
    "wants" : [
      "$OUTPUT\/main.wasm",
      "$INTERMEDIATES\/wasm-imports.json",
      "$OUTPUT\/package.json",
      "$OUTPUT\/index.js",
      "$OUTPUT\/index.d.ts",
      "$OUTPUT\/instantiate.js",
      "$OUTPUT\/instantiate.d.ts",
      "$OUTPUT\/platforms\/browser.js",
      "$OUTPUT\/platforms\/browser.d.ts",
      "$OUTPUT\/platforms\/browser.worker.js",
      "$OUTPUT\/platforms\/node.js",
      "$OUTPUT\/platforms\/node.d.ts",
      "$OUTPUT\/runtime.js",
      "$OUTPUT\/runtime.d.ts",
      "$INTERMEDIATES\/npm-install.stamp",
      "$OUTPUT\/bin",
      "$OUTPUT\/test.js",
      "$OUTPUT\/test.d.ts",
      "$OUTPUT\/test.browser.html",
      "$OUTPUT\/bin\/test.js"
    ]
  }
]